{$setup}
import Data.Text (toUpper)
{$end}

{$call toUpper}
This will be shouted.
{$end}

====>


import qualified Templette.Prelude
import Data.Text (toUpper)
templetteOutput :: Templette.Prelude.Text
templetteOutput = mconcat
  [ Templette.Prelude.text "\n\n"
  , toUpper (mconcat
  [ Templette.Prelude.text "\nThis will be shouted.\n"
  ])
  , Templette.Prelude.text "\n"
  ]

