{$define description}
I have {1 + 1} hobbies.
{$end}

Description 1: {description}
Description 2: {Text.toUpper description}

====>

import qualified Templette.Prelude
description :: Templette.Prelude.Text
description = mconcat
  [ Templette.Prelude.text "\nI have "
  , Templette.Prelude.interpolate (1 + 1)
  , Templette.Prelude.text " hobbies.\n"
  ]
templetteOutput :: Templette.Prelude.Text
templetteOutput = mconcat
  [ Templette.Prelude.text "\n\nDescription 1: "
  , Templette.Prelude.interpolate (description)
  , Templette.Prelude.text "\nDescription 2: "
  , Templette.Prelude.interpolate (Text.toUpper description)
  , Templette.Prelude.text "\n"
  ]

