# About me

{$setup}
module AboutMe where
import Prelude
adjective = "happy"
{$end}

I am a {adjective} person.

====>


module AboutMe where
import qualified Templette.Prelude
import Prelude
adjective = "happy"
templetteOutput :: Templette.Prelude.Text
templetteOutput = mconcat
  [ Templette.Prelude.text "# About me\n\n"
  , Templette.Prelude.text "\n\nI am a "
  , Templette.Prelude.interpolate (adjective)
  , Templette.Prelude.text " person.\n"
  ]

